../Core/Src/Services/uart_protocol_service.c:35:6:UARTProto_Init	16	static
../Core/Src/Services/uart_protocol_service.c:41:13:actually_send_frame	32	static
../Core/Src/Services/uart_protocol_service.c:63:6:UARTProto_SendFrame	16	static
../Core/Src/Services/uart_protocol_service.c:70:13:reset_rx_parser	4	static
../Core/Src/Services/uart_protocol_service.c:76:13:process_received_frame_logic	8	static
../Core/Src/Services/uart_protocol_service.c:115:6:UARTProto_Process	16	static
../Core/Src/Services/uart_protocol_service.c:208:6:UARTProto_CheckErrors	16	static
