../Core/Src/Applications/door_fsm.c:28:13:change_door_state	16	static
../Core/Src/Applications/door_fsm.c:36:6:DoorFSM_Init	8	static
../Core/Src/Applications/door_fsm.c:50:6:DoorFSM_Process	16	static
../Core/Src/Applications/door_fsm.c:106:13:DoorFSM_GetState	4	static
../Core/Src/Applications/door_fsm.c:110:6:DoorFSM_NotifySystemModeChange	16	static
../Core/Src/Applications/door_fsm.c:116:6:DoorFSM_NotifyPersonDetectedPassing	8	static
../Core/Src/Applications/door_fsm.c:128:13:process_state_closed	16	static
../Core/Src/Applications/door_fsm.c:138:13:process_state_opening	16	static
../Core/Src/Applications/door_fsm.c:151:13:process_state_open	24	static
../Core/Src/Applications/door_fsm.c:171:13:process_state_closing	24	static
../Core/Src/Applications/door_fsm.c:192:13:process_state_error	16	static
