../Core/Src/Applications/door_fsm.c:28:13:change_door_state	16	static
../Core/Src/Applications/door_fsm.c:39:6:DoorFSM_Init	8	static
../Core/Src/Applications/door_fsm.c:54:6:DoorFSM_Process	16	static
../Core/Src/Applications/door_fsm.c:110:13:DoorFSM_GetState	4	static
../Core/Src/Applications/door_fsm.c:114:6:DoorFSM_NotifySystemModeChange	16	static
../Core/Src/Applications/door_fsm.c:120:6:DoorFSM_NotifyPersonDetectedPassing	8	static
../Core/Src/Applications/door_fsm.c:132:13:process_state_closed	16	static
../Core/Src/Applications/door_fsm.c:142:13:process_state_opening	16	static
../Core/Src/Applications/door_fsm.c:155:13:process_state_open	24	static
../Core/Src/Applications/door_fsm.c:175:13:process_state_closing	24	static
../Core/Src/Applications/door_fsm.c:196:13:process_state_error	16	static
