../Core/Src/Applications/door_fsm.c:41:13:is_timeout	24	static
../Core/Src/Applications/door_fsm.c:51:13:change_door_state	16	static
../Core/Src/Applications/door_fsm.c:81:13:on_entry_closed	8	static
../Core/Src/Applications/door_fsm.c:85:13:process_closed	4	static
../Core/Src/Applications/door_fsm.c:92:13:on_entry_opening	8	static
../Core/Src/Applications/door_fsm.c:97:13:process_opening	8	static
../Core/Src/Applications/door_fsm.c:110:13:on_entry_open	8	static
../Core/Src/Applications/door_fsm.c:114:13:process_open	16	static
../Core/Src/Applications/door_fsm.c:131:13:on_entry_closing	8	static
../Core/Src/Applications/door_fsm.c:136:13:process_closing	8	static
../Core/Src/Applications/door_fsm.c:150:13:on_entry_error	8	static
../Core/Src/Applications/door_fsm.c:155:13:process_error	4	static
../Core/Src/Applications/door_fsm.c:162:6:DoorFSM_Init	8	static
../Core/Src/Applications/door_fsm.c:182:6:DoorFSM_Process	16	static
../Core/Src/Applications/door_fsm.c:242:13:DoorFSM_GetState	4	static
../Core/Src/Applications/door_fsm.c:246:6:DoorFSM_NotifySystemModeChange	16	static
