../Core/Src/Applications/system_manager.c:60:6:app_person_passed_handler	16	static
../Core/Src/Applications/system_manager.c:69:6:SystemManager_Init	24	static
../Core/Src/Applications/system_manager.c:106:6:SystemManager_Process	16	static
../Core/Src/Applications/system_manager.c:128:6:SendFrameToLabVIEWProcess	8	static
../Core/Src/Applications/system_manager.c:164:6:SystemManager_HandleLabVIEWCommand	24	static
../Core/Src/Applications/system_manager.c:212:16:SystemManager_GetCurrentMode	4	static
