../Core/Src/Applications/system_manager.c:57:6:app_person_passed_handler	16	static
../Core/Src/Applications/system_manager.c:66:6:SystemManager_Init	24	static
../Core/Src/Applications/system_manager.c:101:6:SystemManager_Process	8	static
../Core/Src/Applications/system_manager.c:110:6:SendFrameToLabVIEWProcess	8	static
../Core/Src/Applications/system_manager.c:146:6:SystemManager_HandleLabVIEWCommand	24	static
../Core/Src/Applications/system_manager.c:194:16:SystemManager_GetCurrentMode	4	static
