../Drivers/CMSIS/Include/core_cm4.h:1684:22:__NVIC_EnableIRQ	16	static,ignoring_inline_asm
../Drivers/CMSIS/Include/core_cm4.h:1814:22:__NVIC_SetPriority	16	static
../Core/Src/Drivers/exti_driver.c:14:16:get_gpio_port_source	16	static
../Core/Src/Drivers/exti_driver.c:24:6:EXTI_InitPin	40	static
../Core/Src/Drivers/exti_driver.c:88:6:EXTI_ClearPendingBit	16	static
../Core/Src/Drivers/exti_driver.c:99:13:EXTI_IRQHandler_Helper	24	static
../Core/Src/Drivers/exti_driver.c:115:6:EXTI0_IRQHandler	8	static
../Core/Src/Drivers/exti_driver.c:120:6:EXTI1_IRQHandler	8	static
../Core/Src/Drivers/exti_driver.c:125:6:EXTI2_IRQHandler	8	static
../Core/Src/Drivers/exti_driver.c:130:6:EXTI3_IRQHandler	8	static
../Core/Src/Drivers/exti_driver.c:135:6:EXTI4_IRQHandler	8	static
../Core/Src/Drivers/exti_driver.c:140:6:EXTI9_5_IRQHandler	8	static
../Core/Src/Drivers/exti_driver.c:145:6:EXTI15_10_IRQHandler	8	static
